// Jest Snapshot v1, https://goo.gl/fbAQLP

exports[`InputToolbar render as expected 1`] = `
<View
  style={
    Object {
      "flexDirection": "row",
      "padding": 10,
    }
  }
>
  <Component
    allowFontScaling={true}
    onChangeText={[Function]}
    placeholder="Type new task"
    rejectResponderTermination={true}
    style={
      Object {
        "backgroundColor": "#ffffff",
        "borderBottomLeftRadius": 5,
        "borderColor": "#750d37",
        "borderTopLeftRadius": 5,
        "borderWidth": 1,
        "flex": 1,
        "padding": 10,
      }
    }
    testID="input"
    underlineColorAndroid="transparent"
    value=""
  />
  <ForwardRef
    disabled={true}
    onPress={[Function]}
    style={
      Object {
        "alignItems": "center",
        "backgroundColor": "#750d37",
        "borderBottomRightRadius": 5,
        "borderColor": "#750d37",
        "borderTopRightRadius": 5,
        "borderWidth": 1,
        "justifyContent": "center",
        "paddingHorizontal": 15,
        "paddingVertical": 10,
      }
    }
    testID="add-new-button"
  >
    <Text
      style={
        Object {
          "color": "#ffffff",
        }
      }
    >
      Add
    </Text>
  </ForwardRef>
</View>
`;
